
> artics-fe@0.1.0 build
> next build

Γû▓ Next.js 16.1.6 (Turbopack)

  Creating an optimized production build ...
node.exe : 
At C:\Program Files\nod
ejs\npm.ps1:29 char:3
+   & $NODE_EXE 
$NPM_CLI_JS $args
+   ~~~~~~~~~~~~~~~~~~~
~~~~~~~~~~
    + CategoryInfo     
         : NotSpecifi  
  ed: (:String) [],    
 RemoteException
    + FullyQualifiedEr 
   rorId : NativeComm  
  andError
 
> Build error occurred
Error: Turbopack build 
failed with 1 errors:
./src/app/page.tsx:3:1
Module not found: 
Can't resolve 
'@/pages/home'
[0m [90m 1 |[39m 
[36mimport[39m 
[33mNavbar[39m 
[36mfrom[39m [32m"@/
components/ui/Navbar"[
39m[33m;[39m
 [90m 2 |[39m 
[36mimport[39m 
[33mFooter[39m 
[36mfrom[39m [32m"@/
components/ui/Footer"[
39m[33m;[39m
[31m[1m>[22m[39m[9
0m 3 |[39m 
[36mimport[39m 
[33mHeroSection[39m 
[36mfrom[39m [32m"@/
pages/home"[39m[33m;
[39m
 [90m   |[39m [31m[
1m^[22m[39m[31m[1m^
[22m[39m[31m[1m^[2
2m[39m[31m[1m^[22m
[39m[31m[1m^[22m[39
m[31m[1m^[22m[39m[
31m[1m^[22m[39m[31m
[1m^[22m[39m[31m[1
m^[22m[39m[31m[1m^
[22m[39m[31m[1m^[22
m[39m[31m[1m^[22m[
39m[31m[1m^[22m[39m
[31m[1m^[22m[39m[3
1m[1m^[22m[39m[31m
[1m^[22m[39m[31m[1m
^[22m[39m[31m[1m^[
22m[39m[31m[1m^[22m
[39m[31m[1m^[22m[3
9m[31m[1m^[22m[39m
[31m[1m^[22m[39m[31
m[1m^[22m[39m[31m[
1m^[22m[39m[31m[1m^
[22m[39m[31m[1m^[2
2m[39m[31m[1m^[22m
[39m[31m[1m^[22m[39
m[31m[1m^[22m[39m[
31m[1m^[22m[39m[31m
[1m^[22m[39m[31m[1
m^[22m[39m[31m[1m^
[22m[39m[31m[1m^[22
m[39m[31m[1m^[22m[
39m[31m[1m^[22m[39m
[31m[1m^[22m[39m[3
1m[1m^[22m[39m[31m
[1m^[22m[39m
 [90m 4 |[39m
 [90m 5 |[39m 
[36mexport[39m 
[36mdefault[39m 
[36mfunction[39m 
[33mHome[39m() {
 [90m 6 |[39m   
[36mreturn[39m ([0m

Import map: aliased to 
relative 
'./src/pages/home' 
inside of [project]/


https://nextjs.org/docs
/messages/module-not-fo
und


    at <unknown> (./src
/app/page.tsx:3:1)
    at <unknown> (https
://nextjs.org/docs/mess
ages/module-not-found)
